exports[`Borealis should render correctly 1`] = `
<div
  className="react-borealis col-md-12"
  id="react-borealis">
  <div
    className="row">
    <div
      className="row borealis-tray">
      <div
        className="col-md-2">
        <a
          className="thumbnail"
          onClick={[Function]}>
          <img
            src="https://stacks.stanford.edu/image/iiif/hg676jb4964%252F0380_796-44/full/340,/0/default.jpg" />
        </a>
      </div>
      <div
        className="col-md-2">
        <a
          className="thumbnail"
          onClick={[Function]}>
          <img
            src="http://reflections.mndigital.org/utils/getthumbnail/collection/p16022coll35/id/0" />
        </a>
      </div>
      <div
        className="col-md-2">
        <a
          className="thumbnail"
          onClick={[Function]}>
          <img
            src="http://reflections.mndigital.org/utils/getthumbnail/collection/jhs/id/885" />
        </a>
      </div>
      <div
        className="col-md-2">
        <a
          className="thumbnail"
          onClick={[Function]}>
          <img
            src="http://reflections.mndigital.org/utils/getthumbnail/collection/p16022coll38/id/0" />
        </a>
      </div>
    </div>
  </div>
  <div
    className="row">
    <OpenSeadragonViewer
      focus={true}
      items={
        Array [
          Object {
            "defaultZoomLevel": 0,
            "focus": true,
            "include_controls": true,
            "label": "Image",
            "sequenceMode": true,
            "showReferenceStrip": true,
            "tileSources": Array [
              "https://stacks.stanford.edu/image/iiif/hg676jb4964%2F0380_796-44/info.json",
              "https://ids.lib.harvard.edu/ids/iiif/25286610/info.json",
            ],
            "type": "image",
          },
          Object {
            "focus": false,
            "label": "Transcript",
            "texts": Array [
              "First Image Item Transcript",
              "Second Image Item  Transcript",
            ],
            "type": "transcript",
          },
        ]
      }
      thumbnail="https://stacks.stanford.edu/image/iiif/hg676jb4964%252F0380_796-44/full/340,/0/default.jpg"
      tocs={
        Array [
          "MLK",
          "A Statue",
        ]
      }
      type="image" />
  </div>
</div>
`;
