// Jest Snapshot v1, https://goo.gl/fbAQLP

exports[`BorealisThumbnail Tests renders an audio 1`] = `
<div>
  <a
    aria-current={false}
    className="borealis-thumbnail"
    href="/foo"
    onClick={[Function]}
  >
    <img
      alt="Click to load the foo"
      src="http://example.com"
    />
  </a>
</div>
`;
