exports[`Borealis should render correctly 1`] = `
<div>
  <span />
  <div
    className="row image-nav">
    <ul
      className="nav nav-pills">
      <li>
        <a
          className="transcript-nav-link"
          href="#image"
          onClick={[Function]}
          style={Object {}}>
          Image
        </a>
      </li>
      <li>
        <a
          className="transcript-nav-link"
          href="#image/transcript"
          onClick={[Function]}
          style={Object {}}>
          Transcript
        </a>
      </li>
    </ul>
  </div>
  <div>
    <OpenSeadragonViewer
      basename={undefined}
      config={
        Object {
          "defaultZoomLevel": 0,
          "include_controls": true,
          "label": "Image",
          "sequenceMode": true,
          "showReferenceStrip": true,
          "thumbnail": "https://stacks.stanford.edu/image/iiif/hg676jb4964%252F0380_796-44/full/340,/0/default.jpg",
          "tileSources": Array [
            "https://stacks.stanford.edu/image/iiif/hg676jb4964%2F0380_796-44/info.json",
            "https://ids.lib.harvard.edu/ids/iiif/25286610/info.json",
          ],
          "tocs": Array [
            "A Statue",
          ],
          "transcript": Object {
            "label": "Image",
            "texts": Array [
              "First Image Item Transcript",
              "Second Image Item  Transcript",
            ],
          },
          "type": "image",
        }
      } />
  </div>
</div>
`;
