exports[`BorealisPDF Tests renders an audio 1`] = `
<object
  data="http://example.com"
  height={500}
  type="application/pdf"
  width={900}>
  <img
    src="blerg" />
   
  <a
    href="http://example.com">
    <span
      className="glyphicon glyphicon-download-alt">
      asdasdasd
    </span>
     
    http://example.com
  </a>
</object>
`;
