// Jest Snapshot v1, https://goo.gl/fbAQLP

exports[`Borealis should render correctly 1`] = `
<div>
  <Switch>
    <Redirect
      exact={true}
      from="/"
      push={false}
      to="/pdf/0"
    />
    <Route
      basename="image"
      exact={true}
      path="/image/:id"
      render={[Function]}
    />
    <Route
      exact={true}
      path="/kaltura_audio"
      render={[Function]}
    />
    <Route
      exact={true}
      path="/kaltura_audio_playlist"
      render={[Function]}
    />
    <Route
      exact={true}
      path="/kaltura_video_playlist"
      render={[Function]}
    />
    <Route
      exact={true}
      path="/kaltura_video"
      render={[Function]}
    />
    <Route
      exact={true}
      path="/audio"
      render={[Function]}
    />
    <Route
      exact={true}
      path="/video"
      render={[Function]}
    />
    <Route
      path="/pdf/:id"
      render={[Function]}
    />
    <Route
      exact={true}
      path="/ppt"
      render={[Function]}
    />
    <Route
      path="/image/:id/transcript"
      render={[Function]}
    />
    <Route
      path="/kaltura_audio/transcript"
      render={[Function]}
    />
    <Route
      path="/kaltura_audio_playlist/transcript"
      render={[Function]}
    />
    <Route
      path="/kaltura_video/transcript"
      render={[Function]}
    />
    <Route
      path="/kaltura_video_playlist/transcript"
      render={[Function]}
    />
    <Route
      path="/audio/transcript"
      render={[Function]}
    />
    <Route
      path="/video/transcript"
      render={[Function]}
    />
    <Route
      path="/ppt/transcript"
      render={[Function]}
    />
  </Switch>
</div>
`;
